// Jest Snapshot v1, https://goo.gl/fbAQLP

exports[`App renders App 1`] = `
<DocumentFragment>
  <div
    class="App"
  >
    <header
      class="App-header"
    >
      <div>
        <nav
          class="navBar"
        >
          <img
            alt="houselogo"
            class="logoPic"
            src="https://mcrcodes.s3.eu-west-2.amazonaws.com/course/surreal-estate/logo.png"
          />
          <ul
            class="navbar-links"
          >
            <li
              class="navbar-links-item"
            >
              <a
                href="View Properties"
              >
                View Properties
              </a>
            </li>
            <li
              class="navbar-links-item"
            >
              <a
                href="add-property"
              >
                Add a Property
              </a>
            </li>
          </ul>
        </nav>
      </div>
    </header>
  </div>
</DocumentFragment>
`;
